ASxxxx Linker V03.00 + NoICE + sdld,  page 1.
Hexadecimal  [32-Bits]

Area                                    Addr        Size        Decimal Bytes (Attributes)
--------------------------------        ----        ----        ------- ----- ------------
.  .ABS.                            00000000    00000000 =           0. bytes (ABS,CON)

      Value  Global                              Global Defined In Module
      -----  --------------------------------   ------------------------
     00000000  .__.ABS.                           cpct_strings
     00000000  l__CABS                         
     00000000  l__DABS                         
     00000000  l__GSFINAL                      
     00000000  l__GSINIT                       
     00000000  l__HOME                         
     00000000  l__INITIALIZED                  
     00000000  l__INITIALIZER                  
     00000000  s__CABS                         
     00000000  s__DABS                         
     00000005  l__DATA                         
     00000100  s__CODE                         
     000004A7  l__CODE                         
     000005A7  s__DATA                         
     000005AC  s__GSFINAL                      
     000005AC  s__GSINIT                       
     000005AC  s__HOME                         
     000005AC  s__INITIALIZED                  
     000005AC  s__INITIALIZER                  

ASxxxx Linker V03.00 + NoICE + sdld,  page 2.
Hexadecimal  [32-Bits]

Area                                    Addr        Size        Decimal Bytes (Attributes)
--------------------------------        ----        ----        ------- ----- ------------
_CODE                               00000100    000004A7 =        1191. bytes (REL,CON)

      Value  Global                              Global Defined In Module
      -----  --------------------------------   ------------------------
     00000100  _initializeGameScreen              game
     0000013B  _updateUser                        game
     000001D6  _drawAll                           game
     000001E7  _game                              game
     0000022D  _init                              main
     0000025D  _main                              main
     00000265  _g_palette                         sprites
     00000269  _g_character                       sprites
     000002E9  _cpct_setPalette                   cpct_video
     000002F2  cpct_setPalette_asm                cpct_video
     0000030D  _cpct_isKeyPressed                 cpct_keyboard
     0000030D  cpct_isKeyPressed_asm              cpct_keyboard
     00000319  _cpct_scanKeyboard_f               cpct_keyboard
     00000319  cpct_scanKeyboard_f_asm            cpct_keyboard
     00000383  _cpct_setPALColour                 cpct_video
     0000038F  _cpct_fw2hw                        cpct_video
     000003A9  _cpct_keyboardStatusBuffer         cpct_keyboard
     000003B3  _cpct_drawSpriteMasked             cpct_sprites
     000003E2  cpct_firmware2hw_colour            
     000003FD  _cpct_setVideoMode                 cpct_video
     00000402  cpct_setVideoMode_asm              cpct_video
     0000040F  _cpct_waitVSYNC                    cpct_video
     0000040F  cpct_waitVSYNC_asm                 cpct_video
     00000417  _cpct_px2byteM1                    cpct_sprites
     00000430  _cpct_mode_rom_status              cpct_firmware
     00000431  _cpct_firmware_address             cpct_firmware
     00000433  _cpct_disableFirmware              cpct_firmware
     00000433  cpct_disableFirmware_asm           cpct_firmware
     00000444  _cpct_drawSolidBox                 cpct_sprites
     000004FC  _cpct_getScreenPtr                 cpct_video
     0000051C  dc_mode1_ct                        cpct_strings
     00000520  _cpct_drawCharM1                   cpct_strings
     0000052D  cpct_drawCharM1_asm                cpct_strings
ASxxxx Linker V03.00 + NoICE + sdld,  page 3.
Hexadecimal  [32-Bits]

Area                                    Addr        Size        Decimal Bytes (Attributes)
--------------------------------        ----        ----        ------- ----- ------------
_DATA                               000005A7    00000005 =           5. bytes (REL,CON)

      Value  Global                              Global Defined In Module
      -----  --------------------------------   ------------------------
     000005A7  _alive                             game
     000005A8  _x                                 game
     000005A9  _y                                 game
     000005AA  _pvideomem                         game

ASxxxx Linker V03.00 + NoICE + sdld,  page 4.

Files Linked                              [ module(s) ]

obj/game.rel                              [ game ]
obj/main.rel                              [ main ]
obj/sprites/sprites.rel                   [ sprites ]


Libraries Linked                          [ object file ]

/home/javi/cpctelera-master/cpctelera/cpctelera.lib
                                          [ cpct_setPalette.rel ]
/home/javi/cpctelera-master/cpctelera/cpctelera.lib
                                          [ cpct_isKeyPressed.rel ]
/home/javi/cpctelera-master/cpctelera/cpctelera.lib
                                          [ cpct_scanKeyboard_f.rel ]
/home/javi/cpctelera-master/cpctelera/cpctelera.lib
                                          [ cpct_setPALColour_cbindings.rel ]
/home/javi/cpctelera-master/cpctelera/cpctelera.lib
                                          [ cpct_fw2hw.rel ]
/home/javi/cpctelera-master/cpctelera/cpctelera.lib
                                          [ keyboard.rel ]
/home/javi/cpctelera-master/cpctelera/cpctelera.lib
                                          [ cpct_drawSpriteMasked_cbindings. ]
/home/javi/cpctelera-master/cpctelera/cpctelera.lib
                                          [ cpct_firmware2hw_colour_table.re ]
/home/javi/cpctelera-master/cpctelera/cpctelera.lib
                                          [ cpct_setVideoMode.rel ]
/home/javi/cpctelera-master/cpctelera/cpctelera.lib
                                          [ cpct_waitVSYNC.rel ]
/home/javi/cpctelera-master/cpctelera/cpctelera.lib
                                          [ cpct_px2byteM1.rel ]
/home/javi/cpctelera-master/cpctelera/cpctelera.lib
                                          [ cpct_disableFirmware.rel ]
/home/javi/cpctelera-master/cpctelera/cpctelera.lib
                                          [ cpct_drawSolidBox_cbindings.rel ]
/home/javi/cpctelera-master/cpctelera/cpctelera.lib
                                          [ cpct_getScreenPtr_cbindings.rel ]
/home/javi/cpctelera-master/cpctelera/cpctelera.lib
                                          [ cpct_drawCharM1.rel ]

ASxxxx Linker V03.00 + NoICE + sdld,  page 5.

User Base Address Definitions

_CODE = 0x0100
_DATA = 0x0000

